// Jest Snapshot v1, https://goo.gl/fbAQLP

exports[`renders the main app 1`] = `
<h1
  class="css-131o7kf"
>
  Rover Command
</h1>
`;
